9:10:43 am [vite] (client) [console.error] [vite] Failed to reload /src/main.tsx. This could be due to syntax errors or importing non-existent modules. (see errors above)
9:11:35 am [vite] (client) [console.error] You are calling ReactDOMClient.createRoot() on a container that has already been passed to createRoot() before. Instead, call root.render() on the existing root instead if you want to update it.
9:26:44 am [vite] (client) [console.error] You are calling ReactDOMClient.createRoot() on a container that has already been passed to createRoot() before. Instead, call root.render() on the existing root instead if you want to update it.
10:26:21 am [vite] (client) [console.error] You are calling ReactDOMClient.createRoot() on a container that has already been passed to createRoot() before. Instead, call root.render() on the existing root instead if you want to update it.
10:26:21 am [vite] (client) [Unhandled rejection] Error: PLUTON could not complete that request. Check that the backend is running.
 > request src/api.ts:8:26
    6  |      headers: { "Content-Type": "application/json", ...init.headers },
    7  |    });
    8  |    if (!response.ok) throw new Error("PLUTON could not complete that request. Check that the backend is running.");
       |                            ^
    9  |    return response.status === 204 ? (undefined as T) : (response.json() as Promise<T>);
    10 |  }
 > loadSessions src/App.tsx:33:47

10:26:21 am [vite] (client) [Unhandled rejection] Error: PLUTON could not complete that request. Check that the backend is running.
 > request src/api.ts:8:26
    6  |      headers: { "Content-Type": "application/json", ...init.headers },
    7  |    });
    8  |    if (!response.ok) throw new Error("PLUTON could not complete that request. Check that the backend is running.");
       |                            ^
    9  |    return response.status === 204 ? (undefined as T) : (response.json() as Promise<T>);
    10 |  }
 > loadSessions src/App.tsx:33:47

10:31:01 am [vite] (client) [Unhandled rejection] Error: PLUTON could not complete that request. Check that the backend is running.
 > request src/api.ts:8:26
    6  |      headers: { "Content-Type": "application/json", ...init.headers },
    7  |    });
    8  |    if (!response.ok) throw new Error("PLUTON could not complete that request. Check that the backend is running.");
       |                            ^
    9  |    return response.status === 204 ? (undefined as T) : (response.json() as Promise<T>);
    10 |  }
 > loadSessions src/App.tsx:33:47

10:31:01 am [vite] (client) [Unhandled rejection] Error: PLUTON could not complete that request. Check that the backend is running.
 > request src/api.ts:8:26
    6  |      headers: { "Content-Type": "application/json", ...init.headers },
    7  |    });
    8  |    if (!response.ok) throw new Error("PLUTON could not complete that request. Check that the backend is running.");
       |                            ^
    9  |    return response.status === 204 ? (undefined as T) : (response.json() as Promise<T>);
    10 |  }
 > loadSessions src/App.tsx:33:47

10:32:38 am [vite] (client) [Unhandled rejection] Error: PLUTON could not complete that request. Check that the backend is running.
 > request src/api.ts:8:26
    6  |      headers: { "Content-Type": "application/json", ...init.headers },
    7  |    });
    8  |    if (!response.ok) throw new Error("PLUTON could not complete that request. Check that the backend is running.");
       |                            ^
    9  |    return response.status === 204 ? (undefined as T) : (response.json() as Promise<T>);
    10 |  }
 > loadSessions src/App.tsx:33:47

10:54:07 am [vite] (client) [Unhandled rejection] Error: PLUTON could not complete that request. Check that the backend is running.
 > request src/api.ts:8:26
    6  |      headers: { "Content-Type": "application/json", ...init.headers },
    7  |    });
    8  |    if (!response.ok) throw new Error("PLUTON could not complete that request. Check that the backend is running.");
       |                            ^
    9  |    return response.status === 204 ? (undefined as T) : (response.json() as Promise<T>);
    10 |  }
 > loadSessions src/App.tsx:33:47

10:54:07 am [vite] (client) [Unhandled rejection] Error: PLUTON could not complete that request. Check that the backend is running.
 > request src/api.ts:8:26
    6  |      headers: { "Content-Type": "application/json", ...init.headers },
    7  |    });
    8  |    if (!response.ok) throw new Error("PLUTON could not complete that request. Check that the backend is running.");
       |                            ^
    9  |    return response.status === 204 ? (undefined as T) : (response.json() as Promise<T>);
    10 |  }
 > loadSessions src/App.tsx:33:47

11:30:17 am [vite] (client) [Unhandled rejection] Error: PLUTON could not complete that request. Check that the backend is running.
 > request src/api.ts:8:26
    6  |      headers: { "Content-Type": "application/json", ...init.headers },
    7  |    });
    8  |    if (!response.ok) throw new Error("PLUTON could not complete that request. Check that the backend is running.");
       |                            ^
    9  |    return response.status === 204 ? (undefined as T) : (response.json() as Promise<T>);
    10 |  }
 > loadSessions src/App.tsx:33:47

11:30:17 am [vite] (client) [Unhandled rejection] Error: PLUTON could not complete that request. Check that the backend is running.
 > request src/api.ts:8:26
    6  |      headers: { "Content-Type": "application/json", ...init.headers },
    7  |    });
    8  |    if (!response.ok) throw new Error("PLUTON could not complete that request. Check that the backend is running.");
       |                            ^
    9  |    return response.status === 204 ? (undefined as T) : (response.json() as Promise<T>);
    10 |  }
 > loadSessions src/App.tsx:33:47

